// Jest Snapshot v1, https://goo.gl/fbAQLP

exports[`Field renders correctly 1`] = `
<form
  class="cloud-form"
/>
`;
